// Vitest Snapshot v1, https://vitest.dev/guide/snapshot.html

exports[`Gallery.vue > Render gallery 1`] = `
<div
  class="gallery"
  data-v-6f46c37e=""
>
  <router-link-stub
    ariacurrentvalue="page"
    custom="true"
    data-v-6f46c37e=""
    replace="false"
    to="/work"
    viewtransition="false"
  />
  <router-link-stub
    ariacurrentvalue="page"
    custom="true"
    data-v-6f46c37e=""
    replace="false"
    to="/work"
    viewtransition="false"
  />
</div>
`;
