// Vitest Snapshot v1, https://vitest.dev/guide/snapshot.html

exports[`Navigator.vue > Render Navigator 1`] = `
<nav
  data-v-2cde1173=""
>
  
  <a
    class=""
    data-v-2cde1173=""
    href="#/"
  >
    Home
  </a>
  <a
    class=""
    data-v-2cde1173=""
    href="#/work"
  >
    Work
  </a>
  <a
    class=""
    data-v-2cde1173=""
    href="#/work/:slug"
  >
    Post
  </a>
  <a
    class=""
    data-v-2cde1173=""
    href="#/:pathMatch(.*)*"
  >
    PageNotFound
  </a>
  
</nav>
`;
